2026-06-08 13:17:13 | DEBUG | P03 | KAFKA_BOOTSTRAP_SERVERS           = localhost:9092
2026-06-08 13:17:13 | DEBUG | P03 | KAFKA_BROKER_ADDRESS_FAMILY       = v6
2026-06-08 13:17:13 | DEBUG | P03 | KAFKA_TOPIC                       = streaming-05-storage-case
2026-06-08 13:17:13 | DEBUG | P03 | KAFKA_CLEAR_TOPIC_ON_START        = true
2026-06-08 13:17:13 | DEBUG | P03 | PRODUCER_MESSAGE_COUNT            = 3
2026-06-08 13:17:13 | DEBUG | P03 | PRODUCER_MESSAGE_INTERVAL_SECONDS = 2
2026-06-08 13:17:13 | DEBUG | P03 | PRODUCER_MAX_MESSAGES             = 50
2026-06-08 13:17:13 | DEBUG | P03 | PRODUCER_POLL_INTERVAL_SECONDS    = 15
2026-06-08 13:17:13 | DEBUG | P03 | KAFKA_GROUP_ID                    = streaming-consumer-group-A
2026-06-08 13:17:13 | DEBUG | P03 | KAFKA_AUTO_OFFSET_RESET           = earliest
2026-06-08 13:17:13 | DEBUG | P03 | CONSUMER_TIMEOUT_SECONDS          = 10
2026-06-08 13:17:13 | DEBUG | P03 | CONSUMER_MAX_MESSAGES             = 1000
2026-06-08 13:17:13 | INFO | P03 | === RUN START ===
2026-06-08 13:17:13 | INFO | P03 | project=P03
2026-06-08 13:17:13 | INFO | P03 | repo_dir=streaming-05-storage
2026-06-08 13:17:13 | INFO | P03 | python=3.14.5
2026-06-08 13:17:13 | INFO | P03 | os=Darwin 20.6.0
2026-06-08 13:17:13 | INFO | P03 | shell=zsh
2026-06-08 13:17:13 | INFO | P03 | cwd=.
2026-06-08 13:17:13 | INFO | P03 | github_actions=False
2026-06-08 13:17:13 | INFO | P03 | ========================
2026-06-08 13:17:13 | INFO | P03 | START producer main()
2026-06-08 13:17:13 | INFO | P03 | ========================
2026-06-08 13:17:13 | INFO | P03 | ROOT_DIR = .
2026-06-08 13:17:13 | INFO | P03 | DATA_DIR = data
2026-06-08 13:17:13 | INFO | P03 | SALES_CSV = data/sales.csv
2026-06-08 13:17:13 | INFO | P03 | REGIONS_CSV = data/regions.csv
2026-06-08 13:17:13 | INFO | P03 | PRODUCTS_CSV = data/products.csv
2026-06-08 13:17:13 | INFO | P03 | REJECTED_SALES_CSV = data/output/producer_rejected_sales.csv
2026-06-08 13:17:13 | INFO | P03 | ========================
2026-06-08 13:17:13 | INFO | P03 | SECTION A. Acquire
2026-06-08 13:17:13 | INFO | P03 | ========================
2026-06-08 13:17:13 | INFO | P03 | Loading settings from .env...
2026-06-08 13:17:13 | INFO | P03 | KAFKA_BOOTSTRAP_SERVERS           = localhost:9092
2026-06-08 13:17:13 | INFO | P03 | KAFKA_TOPIC                       = streaming-05-storage-case
2026-06-08 13:17:13 | INFO | P03 | PRODUCER_MESSAGE_COUNT            = 3
2026-06-08 13:17:13 | INFO | P03 | PRODUCER_MESSAGE_INTERVAL_SECONDS = 2.0
2026-06-08 13:17:13 | INFO | P03 | KAFKA_CLEAR_TOPIC_ON_START        = True
2026-06-08 13:17:13 | INFO | P03 | Verifying Kafka connection...
2026-06-08 13:17:13 | INFO | P03 | Kafka port is reachable.
2026-06-08 13:17:14 | INFO | P03 | Loading validation reference data...
2026-06-08 13:17:14 | INFO | P03 | Found 6 valid regions, 6 valid products.
2026-06-08 13:17:14 | INFO | P03 | ========================
2026-06-08 13:17:14 | INFO | P03 | SECTION P. Produce Messages
2026-06-08 13:17:14 | INFO | P03 | ========================
2026-06-08 13:17:14 | INFO | P03 | Initializing output...
2026-06-08 13:17:14 | INFO | P03 | Output directory ready: output
2026-06-08 13:17:14 | INFO | P03 | Sending messages...
2026-06-08 13:17:14 | INFO | P03 | Sending up to 3 message(s) to topic 'streaming-05-storage-case'.
2026-06-08 13:17:14 | INFO | P03 | Watch each sale arrive. Press CTRL+C to stop early.

2026-06-08 13:17:14 | INFO | P03 | {
  order_id: e7324981-a9f0-419f-b708-d0a333451fff
  datetime: 2026-05-04T08:11:00Z
  region_id: US-TX
  currency_code: USD
  product_id: PY-STREAM-005
  unit_price: 59.99
  quantity: 3
  is_online: true
  customer_id: CUST-4150
  is_new_customer: false
  device_type: tablet
  payment_method: paypal
  referral_source: paid_search
  discount_code: 
  customer_note: Gift for my team
}
2026-06-08 13:17:14 | INFO | P03 |   Sending message with key=US-TX
2026-06-08 13:17:14 | INFO | P03 |   MESSAGE SENT  sent=1
2026-06-08 13:17:16 | INFO | P03 | {
  order_id: d61943e0-f543-4b5f-9c9a-18605ea4cfe5
  datetime: 2026-05-04T08:23:00Z
  region_id: US-TX
  currency_code: USD
  product_id: PY-DATA-002
  unit_price: 49.99
  quantity: 1
  is_online: true
  customer_id: CUST-1106
  is_new_customer: false
  device_type: mobile
  payment_method: paypal
  referral_source: paid_search
  discount_code: 
  customer_note: Gift for my team
}
2026-06-08 13:17:16 | INFO | P03 |   Sending message with key=US-TX
2026-06-08 13:17:16 | INFO | P03 |   MESSAGE SENT  sent=2
2026-06-08 13:17:18 | INFO | P03 | {
  order_id: 14da1915-8e74-47be-9e10-f7275d31af46
  datetime: 2026-05-04T08:28:00Z
  region_id: CA-QC
  currency_code: CAD
  product_id: PY-NLP-006
  unit_price: 54.99
  quantity: 1
  is_online: true
  customer_id: CUST-2133
  is_new_customer: false
  device_type: desktop
  payment_method: paypal
  referral_source: organic
  discount_code: 
  customer_note: Learning at my own pace
}
2026-06-08 13:17:18 | INFO | P03 |   Sending message with key=CA-QC
2026-06-08 13:17:18 | INFO | P03 |   MESSAGE SENT  sent=3
2026-06-08 13:17:20 | INFO | P03 | Checking for rejected records...
2026-06-08 13:17:20 | INFO | P03 |   No records rejected.
2026-06-08 13:17:20 | INFO | P03 | ========================
2026-06-08 13:17:20 | INFO | P03 | SECTION E. Exit
2026-06-08 13:17:20 | INFO | P03 | ========================
2026-06-08 13:17:20 | INFO | P03 | Summary:
2026-06-08 13:17:20 | INFO | P03 | Sent 3 message(s) to topic 'streaming-05-storage-case'.
2026-06-08 13:17:20 | INFO | P03 | Rejected 0 message(s).
2026-06-08 13:17:20 | INFO | P03 | ========================
2026-06-08 13:17:20 | INFO | P03 | Producer executed successfully!
2026-06-08 13:17:20 | INFO | P03 | ========================
2026-06-08 13:17:37 | DEBUG | C05 | KAFKA_BOOTSTRAP_SERVERS           = localhost:9092
2026-06-08 13:17:37 | DEBUG | C05 | KAFKA_BROKER_ADDRESS_FAMILY       = v6
2026-06-08 13:17:37 | DEBUG | C05 | KAFKA_TOPIC                       = streaming-05-storage-case
2026-06-08 13:17:37 | DEBUG | C05 | KAFKA_CLEAR_TOPIC_ON_START        = true
2026-06-08 13:17:37 | DEBUG | C05 | PRODUCER_MESSAGE_COUNT            = 3
2026-06-08 13:17:37 | DEBUG | C05 | PRODUCER_MESSAGE_INTERVAL_SECONDS = 2
2026-06-08 13:17:37 | DEBUG | C05 | PRODUCER_MAX_MESSAGES             = 50
2026-06-08 13:17:37 | DEBUG | C05 | PRODUCER_POLL_INTERVAL_SECONDS    = 15
2026-06-08 13:17:37 | DEBUG | C05 | KAFKA_GROUP_ID                    = streaming-consumer-group-A
2026-06-08 13:17:37 | DEBUG | C05 | KAFKA_AUTO_OFFSET_RESET           = earliest
2026-06-08 13:17:37 | DEBUG | C05 | CONSUMER_TIMEOUT_SECONDS          = 10
2026-06-08 13:17:37 | DEBUG | C05 | CONSUMER_MAX_MESSAGES             = 1000
2026-06-08 13:17:37 | DEBUG | P03 | KAFKA_BOOTSTRAP_SERVERS           = localhost:9092
2026-06-08 13:17:37 | DEBUG | P03 | KAFKA_BROKER_ADDRESS_FAMILY       = v6
2026-06-08 13:17:37 | DEBUG | P03 | KAFKA_TOPIC                       = streaming-05-storage-case
2026-06-08 13:17:37 | DEBUG | P03 | KAFKA_CLEAR_TOPIC_ON_START        = true
2026-06-08 13:17:37 | DEBUG | P03 | PRODUCER_MESSAGE_COUNT            = 3
2026-06-08 13:17:37 | DEBUG | P03 | PRODUCER_MESSAGE_INTERVAL_SECONDS = 2
2026-06-08 13:17:37 | DEBUG | P03 | PRODUCER_MAX_MESSAGES             = 50
2026-06-08 13:17:37 | DEBUG | P03 | PRODUCER_POLL_INTERVAL_SECONDS    = 15
2026-06-08 13:17:37 | DEBUG | P03 | KAFKA_GROUP_ID                    = streaming-consumer-group-A
2026-06-08 13:17:37 | DEBUG | P03 | KAFKA_AUTO_OFFSET_RESET           = earliest
2026-06-08 13:17:37 | DEBUG | P03 | CONSUMER_TIMEOUT_SECONDS          = 10
2026-06-08 13:17:37 | DEBUG | P03 | CONSUMER_MAX_MESSAGES             = 1000
